03-27 11:58:25 com_github_MitjaNemec_PlaceFootprints.action_place_footprints 674:Plugin executed on: 'linux'
03-27 11:58:25 com_github_MitjaNemec_PlaceFootprints.action_place_footprints 675:Plugin executed with python version: '3.13.12 (main, Nov 10 2011, 15:00:00) [GCC 15.2.0]'
03-27 11:58:25 com_github_MitjaNemec_PlaceFootprints.action_place_footprints 676:KiCad build version: 9.0.7
03-27 11:58:25 com_github_MitjaNemec_PlaceFootprints.action_place_footprints 677:Plugin version: 4.0.1
03-27 11:58:25 com_github_MitjaNemec_PlaceFootprints.action_place_footprints 678:Frame repr: <wx._core.Frame object at 0x7f6c338d0680>
03-27 11:58:25 com_github_MitjaNemec_PlaceFootprints.place_footprints 121:getting a list of all footprints on board
03-27 11:58:25 com_github_MitjaNemec_PlaceFootprints.place_footprints 156:Footprint H24 on root level
03-27 11:58:25 com_github_MitjaNemec_PlaceFootprints.place_footprints 156:Footprint H23 on root level
03-27 11:58:25 com_github_MitjaNemec_PlaceFootprints.place_footprints 156:Footprint H22 on root level
03-27 11:58:25 com_github_MitjaNemec_PlaceFootprints.place_footprints 156:Footprint H21 on root level
03-27 11:58:25 com_github_MitjaNemec_PlaceFootprints.place_footprints 156:Footprint H20 on root level
03-27 11:58:25 com_github_MitjaNemec_PlaceFootprints.place_footprints 156:Footprint H19 on root level
03-27 11:58:25 com_github_MitjaNemec_PlaceFootprints.place_footprints 156:Footprint H18 on root level
03-27 11:58:25 com_github_MitjaNemec_PlaceFootprints.place_footprints 156:Footprint H17 on root level
03-27 11:58:25 com_github_MitjaNemec_PlaceFootprints.place_footprints 156:Footprint H16 on root level
03-27 11:58:25 com_github_MitjaNemec_PlaceFootprints.place_footprints 156:Footprint H15 on root level
03-27 11:58:25 com_github_MitjaNemec_PlaceFootprints.place_footprints 156:Footprint H14 on root level
03-27 11:58:25 com_github_MitjaNemec_PlaceFootprints.place_footprints 156:Footprint H13 on root level
03-27 11:58:25 com_github_MitjaNemec_PlaceFootprints.place_footprints 156:Footprint H12 on root level
03-27 11:58:25 com_github_MitjaNemec_PlaceFootprints.place_footprints 156:Footprint H11 on root level
03-27 11:58:25 com_github_MitjaNemec_PlaceFootprints.place_footprints 156:Footprint H10 on root level
03-27 11:58:25 com_github_MitjaNemec_PlaceFootprints.place_footprints 156:Footprint H9 on root level
03-27 11:58:25 com_github_MitjaNemec_PlaceFootprints.place_footprints 156:Footprint H8 on root level
03-27 11:58:25 com_github_MitjaNemec_PlaceFootprints.place_footprints 156:Footprint H7 on root level
03-27 11:58:25 com_github_MitjaNemec_PlaceFootprints.place_footprints 156:Footprint H6 on root level
03-27 11:58:25 com_github_MitjaNemec_PlaceFootprints.place_footprints 156:Footprint H5 on root level
03-27 11:58:25 com_github_MitjaNemec_PlaceFootprints.place_footprints 156:Footprint H4 on root level
03-27 11:58:25 com_github_MitjaNemec_PlaceFootprints.place_footprints 156:Footprint H3 on root level
03-27 11:58:25 com_github_MitjaNemec_PlaceFootprints.place_footprints 156:Footprint H2 on root level
03-27 11:58:25 com_github_MitjaNemec_PlaceFootprints.place_footprints 156:Footprint H1 on root level
03-27 11:58:25 com_github_MitjaNemec_PlaceFootprints.place_footprints 156:Footprint U1 on root level
03-27 11:58:25 com_github_MitjaNemec_PlaceFootprints.action_place_footprints 717:Reference footprint='H13'
03-27 11:58:26 com_github_MitjaNemec_PlaceFootprints.action_place_footprints 858:Reference designator is: H
03-27 11:58:26 com_github_MitjaNemec_PlaceFootprints.action_place_footprints 859:Reference number is: 13
03-27 11:58:26 com_github_MitjaNemec_PlaceFootprints.action_place_footprints 891:Sorted and filtered list:
['H1', 'H2', 'H3', 'H4', 'H5', 'H6', 'H7', 'H8', 'H9', 'H10', 'H11', 'H12', 'H13', 'H14', 'H15', 'H16', 'H17', 'H18', 'H19', 'H20', 'H21', 'H22', 'H23', 'H24']
03-27 11:58:26 com_github_MitjaNemec_PlaceFootprints.action_place_footprints 376:wx.Colour(53, 53, 53, 255)
03-27 11:58:34 com_github_MitjaNemec_PlaceFootprints.action_place_footprints 507:'80'
03-27 11:58:34 com_github_MitjaNemec_PlaceFootprints.action_place_footprints 553:Preparing config for reference linear
03-27 11:58:34 com_github_MitjaNemec_PlaceFootprints.action_place_footprints 573:Saving config file
03-27 11:58:34 com_github_MitjaNemec_PlaceFootprints.action_place_footprints 575:Saved the config file
03-27 11:58:34 com_github_MitjaNemec_PlaceFootprints.action_place_footprints 929:Footprints to place:
['H13', 'H14', 'H15', 'H16', 'H17', 'H18', 'H19', 'H20', 'H21', 'H22', 'H23']
03-27 11:58:34 com_github_MitjaNemec_PlaceFootprints.place_footprints 396:Starting placing with linear layout
03-27 11:58:34 com_github_MitjaNemec_PlaceFootprints.action_place_footprints 970:Placing complete
